// Jest Snapshot v1, https://goo.gl/fbAQLP

exports[`Button should checked when checkbox is clicked 1`] = `ShallowWrapper {}`;

exports[`Button should hide text when button is clicked 1`] = `ShallowWrapper {}`;

exports[`Button should increment number when button is clicked 1`] = `ShallowWrapper {}`;

exports[`Button should show text 1`] = `ShallowWrapper {}`;
